n/N35.jpg
n/N36.jpg
n/N631.jpg
n/N630.jpg
n/N629.jpg
n/N628.jpg
n/N627.jpg
n/N626.jpg
n/N625.jpg
n/N624.jpg
n/N114.jpg
n/N623.jpg
n/N622.jpg
n/N621.jpg
n/N620.jpg
n/N619.jpg
n/N618.jpg
n/N617.jpg
n/N616.jpg
n/N102.jpg
n/N615.jpg
n/N614.jpg
n/N613.jpg
n/N612.jpg
n/N611.jpg
n/N610.jpg
n/N456.jpg
n/N455.jpg
n/N454.jpg
n/N453.jpg
n/N452.jpg
n/N451.jpg
n/N450.jpg
n/N449.jpg
n/N448.jpg
n/N447.jpg
n/N446.jpg
n/N445.jpg
n/N444.jpg
n/N443.jpg
n/N442.jpg
n/N441.jpg
n/N440.jpg
n/N439.jpg
n/N438.jpg
n/N437.jpg
n/N436.jpg
n/N435.jpg
n/N434.jpg
n/N433.jpg
n/N432.jpg
n/N431.jpg
n/N430.jpg
n/N429.jpg
n/N66.jpg
n/N428.jpg
n/N427.jpg
n/N426.jpg
n/N425.jpg
n/N424.jpg
n/N423.jpg
n/N422.jpg
n/N421.jpg
n/N420.jpg
n/N419.jpg
n/N418.jpg
n/N417.jpg
n/N416.jpg
n/N415.jpg
n/N414.jpg
n/N413.jpg
n/N412.jpg
n/N411.jpg
n/N410.jpg
n/N409.jpg
n/N408.jpg
n/N407.jpg
n/N406.jpg
n/N405.jpg
n/N404.jpg
n/N403.jpg
n/N402.jpg
n/N401.jpg
n/N400.jpg
n/N399.jpg
n/N398.jpg
n/N397.jpg
n/N396.jpg
n/N395.jpg
n/N394.jpg
n/N392.jpg
n/N391.jpg
n/N390.jpg
n/N389.jpg
n/N388.jpg
n/N387.jpg
n/N381.jpg
n/N380.jpg
n/N379.jpg
n/N378.jpg
n/N377.jpg
n/N376.jpg
n/N375.jpg
n/N374.jpg
n/N373.jpg
n/N372.jpg
n/N371.jpg
n/N370.jpg
n/N369.jpg
n/N368.jpg
n/N367.jpg
n/N366.jpg
n/N365.jpg
n/N364.jpg
n/N363.jpg
n/N362.jpg
n/N361.jpg
n/N360.jpg
n/N359.jpg
n/N358.jpg
n/N357.jpg
n/N356.jpg
n/N355.jpg
n/N354.jpg
n/N353.jpg
n/N352.jpg
n/N351.jpg
n/N350.jpg
n/N349.jpg
n/N348.jpg
n/N347.jpg
n/N346.jpg
n/N345.jpg
n/N344.jpg
n/N343.jpg
n/N342.jpg
n/N341.jpg
n/N340.jpg
n/N339.jpg
n/N338.jpg
n/N337.jpg
n/N336.jpg
n/N335.jpg
n/N334.jpg
n/N333.jpg
n/N332.jpg
n/N331.jpg
n/N54.jpg
n/N330.jpg
n/N329.jpg
n/N328.jpg
n/N327.jpg
n/N326.jpg
n/N325.jpg
n/N324.jpg
n/N323.jpg
n/N322.jpg
n/N321.jpg
n/N320.jpg
n/N319.jpg
n/N318.jpg
n/N317.jpg
n/N316.jpg
n/N315.jpg
n/N314.jpg
n/N313.jpg
n/N312.jpg
n/N311.jpg
n/N310.jpg
n/N309.jpg
n/N308.jpg
n/N307.jpg
n/N306.jpg
n/N305.jpg
n/N304.jpg
n/N303.jpg
n/N302.jpg
n/N301.jpg
n/N300.jpg
n/N299.jpg
n/N298.jpg
n/N297.jpg
n/N296.jpg
n/N295.jpg
n/N294.jpg
n/N293.jpg
n/N292.jpg
n/N291.jpg
n/N290.jpg
n/N289.jpg
n/N288.jpg
n/N287.jpg
n/N286.jpg
n/N285.jpg
n/N284.jpg
n/N283.jpg
n/N282.jpg
n/N281.jpg
n/N279.jpg
n/N278.jpg
n/N277.jpg
n/N276.jpg
n/N275.jpg
n/N274.jpg
n/N273.jpg
n/N272.jpg
n/N271.jpg
n/N270.jpg
n/N269.jpg
n/N268.jpg
n/N267.jpg
n/N266.jpg
n/N265.jpg
n/N264.jpg
n/N263.jpg
n/N262.jpg
n/N261.jpg
n/N260.jpg
n/N259.jpg
n/N258.jpg
n/N257.jpg
n/N256.jpg
n/N255.jpg
n/N254.jpg
n/N253.jpg
n/N252.jpg
n/N251.jpg
n/N250.jpg
n/N249.jpg
n/N248.jpg
n/N247.jpg
n/N246.jpg
n/N245.jpg
n/N42.jpg
n/N244.jpg
n/N243.jpg
n/N242.jpg
n/N241.jpg
n/N240.jpg
n/N239.jpg
n/N238.jpg
n/N237.jpg
n/N236.jpg
n/N235.jpg
n/N234.jpg
n/N233.jpg
n/N232.jpg
n/N231.jpg
n/N230.jpg
n/N229.jpg
n/N228.jpg
n/N227.jpg
n/N226.jpg
n/N225.jpg
n/N224.jpg
n/N223.jpg
n/N222.jpg
n/N221.jpg
n/N220.jpg
n/N219.jpg
n/N218.jpg
n/N217.jpg
n/N26.jpg
n/N216.jpg
n/N215.jpg
n/N214.jpg
n/N213.jpg
n/N212.jpg
n/N211.jpg
n/N210.jpg
n/N209.jpg
n/N208.jpg
n/N207.jpg
n/N206.jpg
n/N205.jpg
n/N204.jpg
n/N203.jpg
n/N202.jpg
n/N201.jpg
n/N200.jpg
n/N199.jpg
n/N198.jpg
n/N197.jpg
n/N196.jpg
n/N195.jpg
n/N194.jpg
n/N193.jpg
n/N192.jpg
n/N191.jpg
n/N190.jpg
n/N189.jpg
n/N188.jpg
n/N187.jpg
n/N186.jpg
n/N185.jpg
n/N184.jpg
n/N183.jpg
n/N182.jpg
n/N181.jpg
n/N180.jpg
n/N179.jpg
n/N178.jpg
n/N13.jpg
n/N177.jpg
n/N176.jpg
n/N175.jpg
n/N174.jpg
n/N173.jpg
n/N172.jpg
n/N171.jpg
n/N170.jpg
n/N169.jpg
n/N168.jpg
n/N167.jpg
n/N166.jpg
n/N165.jpg
n/N164.jpg
n/N163.jpg
n/N162.jpg
n/N161.jpg
n/N160.jpg
n/N159.jpg
n/N158.jpg
n/N157.jpg
n/N156.jpg
n/N155.jpg
n/N154.jpg
n/N153.jpg
n/N152.jpg
n/N151.jpg
n/N150.jpg
n/N149.jpg
n/N148.jpg
n/N147.jpg
n/N146.jpg
n/N145.jpg
n/N144.jpg
n/N143.jpg
n/N142.jpg
n/N141.jpg
n/N140.jpg
n/N139.jpg
n/N138.jpg
n/N137.jpg
n/N136.jpg
n/N135.jpg
n/N134.jpg
n/N133.jpg
n/N132.jpg
n/N131.jpg
n/N130.jpg
n/N129.jpg
n/N128.jpg
n/N127.jpg
n/N126.jpg
n/N125.jpg
n/N15.jpg
n/N124.jpg
n/N123.jpg
n/N122.jpg
n/N121.jpg
n/N120.jpg
n/N119.jpg
n/N118.jpg
n/N117.jpg
n/N116.jpg
n/N115.jpg
n/N112.jpg
n/N111.jpg
n/N110.jpg
n/N109.jpg
n/N108.jpg
n/N107.jpg
n/N106.jpg
n/N105.jpg
n/N104.jpg
n/N103.jpg
n/N100.jpg
n/N99.jpg
n/N98.jpg
n/N97.jpg
n/N96.jpg
n/N95.jpg
n/N94.jpg
n/N93.jpg
n/N92.jpg
n/N91.jpg
n/N76.jpg
n/N75.jpg
n/N74.jpg
n/N73.jpg
n/N72.jpg
n/N71.jpg
n/N70.jpg
n/N69.jpg
n/N68.jpg
n/N67.jpg
n/N64.jpg
n/N63.jpg
n/N62.jpg
n/N61.jpg
n/N60.jpg
n/N59.jpg
n/N58.jpg
n/N57.jpg
n/N56.jpg
n/N55.jpg
n/N52.jpg
n/N51.jpg
n/N50.jpg
n/N49.jpg
n/N48.jpg
n/N47.jpg
n/N46.jpg
n/N45.jpg
n/N44.jpg
n/N43.jpg
n/N40.jpg
n/N39.jpg
n/N38.jpg
n/N37.jpg
n/N32.jpg
n/N31.jpg
n/N30.jpg
n/N29.jpg
n/N28.jpg
n/N27.jpg
n/N24.jpg
n/N23.jpg
n/N22.jpg
n/N21.jpg
n/N20.jpg
n/N19.jpg
n/N18.jpg
n/N17.jpg
n/N16.jpg
n/N14.jpg
n/N113.jpg
n/N101.jpg
n/N77.jpg
n/N65.jpg
n/N1123.jpg
n/N1122.jpg
n/N8.jpg
n/N1121.jpg
n/N53.jpg
n/N7.jpg
n/N11.jpg
n/N10.jpg
n/N6.jpg
n/N9.jpg
n/N1120.jpg
n/N5.jpg
n/N1119.jpg
n/N1118.jpg
n/N41.jpg
n/N25.jpg
n/N12.jpg
n/N4.jpg
n/N3.jpg
n/N34.jpg
n/N2.jpg
n/N1.jpg
n/N33.jpg
n/N1124.jpg
n/N810.jpg
n/N1059.jpg
n/N693.jpg
n/N680.jpg
n/N667.jpg
n/N1102.jpg
n/N814.jpg
n/N813.jpg
n/N812.jpg
n/N811.jpg
n/N809.jpg
n/N808.jpg
n/N807.jpg
n/N806.jpg
n/N805.jpg
n/N804.jpg
n/N803.jpg
n/N802.jpg
n/N801.jpg
n/N800.jpg
n/N798.jpg
n/N797.jpg
n/N796.jpg
n/N795.jpg
n/N794.jpg
n/N793.jpg
n/N792.jpg
n/N791.jpg
n/N790.jpg
n/N789.jpg
n/N787.jpg
n/N1076.jpg
n/N786.jpg
n/N785.jpg
n/N784.jpg
n/N783.jpg
n/N782.jpg
n/N781.jpg
n/N780.jpg
n/N779.jpg
n/N778.jpg
n/N776.jpg
n/N775.jpg
n/N774.jpg
n/N773.jpg
n/N772.jpg
n/N771.jpg
n/N770.jpg
n/N769.jpg
n/N768.jpg
n/N767.jpg
n/N764.jpg
n/N763.jpg
n/N762.jpg
n/N761.jpg
n/N760.jpg
n/N759.jpg
n/N758.jpg
n/N757.jpg
n/N756.jpg
n/N755.jpg
n/N753.jpg
n/N752.jpg
n/N751.jpg
n/N750.jpg
n/N749.jpg
n/N748.jpg
n/N747.jpg
n/N746.jpg
n/N745.jpg
n/N744.jpg
n/N742.jpg
n/N741.jpg
n/N740.jpg
n/N739.jpg
n/N738.jpg
n/N737.jpg
n/N736.jpg
n/N735.jpg
n/N733.jpg
n/N731.jpg
n/N730.jpg
n/N729.jpg
n/N728.jpg
n/N727.jpg
n/N726.jpg
n/N725.jpg
n/N724.jpg
n/N723.jpg
n/N722.jpg
n/N720.jpg
n/N718.jpg
n/N717.jpg
n/N716.jpg
n/N715.jpg
n/N714.jpg
n/N713.jpg
n/N712.jpg
n/N711.jpg
n/N709.jpg
n/N708.jpg
n/N707.jpg
n/N706.jpg
n/N705.jpg
n/N704.jpg
n/N703.jpg
n/N702.jpg
n/N701.jpg
n/N700.jpg
n/N698.jpg
n/N697.jpg
n/N696.jpg
n/N695.jpg
n/N1063.jpg
n/N694.jpg
n/N691.jpg
n/N690.jpg
n/N689.jpg
n/N687.jpg
n/N686.jpg
n/N685.jpg
n/N684.jpg
n/N683.jpg
n/N682.jpg
n/N681.jpg
n/N678.jpg
n/N676.jpg
n/N675.jpg
n/N674.jpg
n/N673.jpg
n/N672.jpg
n/N671.jpg
n/N670.jpg
n/N669.jpg
n/N668.jpg
n/N664.jpg
n/N663.jpg
n/N662.jpg
n/N661.jpg
n/N660.jpg
n/N659.jpg
n/N658.jpg
n/N657.jpg
n/N656.jpg
n/N1116.jpg
n/N1113.jpg
n/N1112.jpg
n/N1111.jpg
n/N1110.jpg
n/N1109.jpg
n/N1108.jpg
n/N1107.jpg
n/N1105.jpg
n/N1104.jpg
n/N1103.jpg
n/N1100.jpg
n/N1099.jpg
n/N1098.jpg
n/N1097.jpg
n/N1096.jpg
n/N1057.jpg
n/N1094.jpg
n/N699.jpg
n/N1093.jpg
n/N1056.jpg
n/N1092.jpg
n/N1055.jpg
n/N1091.jpg
n/N688.jpg
n/N1090.jpg
n/N1053.jpg
n/N1087.jpg
n/N1052.jpg
n/N1086.jpg
n/N1062.jpg
n/N1085.jpg
n/N1073.jpg
n/N1083.jpg
n/N677.jpg
n/N1082.jpg
n/N1081.jpg
n/N666.jpg
n/N1080.jpg
n/N655.jpg
n/N1079.jpg
n/N788.jpg
n/N1078.jpg
n/N1077.jpg
n/N777.jpg
n/N765.jpg
n/N766.jpg
n/N1074.jpg
n/N654.jpg
n/N1072.jpg
n/N754.jpg
n/N1071.jpg
n/N1070.jpg
n/N1069.jpg
n/N1068.jpg
n/N1067.jpg
n/N1066.jpg
n/N1065.jpg
n/N1064.jpg
n/N1060.jpg
n/N1054.jpg
n/N1051.jpg
n/N743.jpg
n/N692.jpg
n/N732.jpg
n/N679.jpg
n/N721.jpg
n/N665.jpg
n/N710.jpg
n/N1114.jpg
n/N1101.jpg
n/N1106.jpg
n/N1088.jpg
n/N1050.jpg
n/N1075.jpg
n/N1084.jpg
n/N1061.jpg
n/N1095.jpg
n/N1058.jpg
n/N799.jpg